{"headers":{"content-type":"application/json","accept":"application/json","host":"localhost:8888","authorization":"Basic dXNlcjpwYXNzd29yZA==","content-length":"164","connection":"keep-alive"},"url":"/issue/","body":{"fields":{"project":{"id":"4321"},"summary":"Deploying project 0.0.1 to production","description":"Commit log:\n\n{\n    \"example\": \"manifest\"\n}","issuetype":{"id":20}}}}